2026-04-23 23:08:21,191 multiscale INFO: Using 1 GPUS
2026-04-23 23:08:21,191 multiscale INFO: Namespace(config_file='./core/configs/exp3_multiscale.yml', opts=['DATASETS.NAMES', "('market1501',)", 'OUTPUT_DIR', './core/storage/outputs/multiscale/train/market1501'])
2026-04-23 23:08:21,191 multiscale INFO: Loaded configuration file ./core/configs/exp3_multiscale.yml
2026-04-23 23:08:21,191 multiscale INFO: 
MODEL:
  USE_WAVELET: false
  USE_MULTISCALE_BRANCH: true
  USE_ATTENTION_FUSION: false
  RETURN_VISUALS: false

2026-04-23 23:08:21,192 multiscale INFO: Running with config:
DATALOADER:
  NUM_INSTANCE: 4
  NUM_WORKERS: 4
  SAMPLER: softmax_triplet
DATASETS:
  NAMES: ('market1501',)
  ROOT_DIR: ./core/storage/datasets
INPUT:
  PADDING: 10
  PIXEL_MEAN: [0.485, 0.456, 0.406]
  PIXEL_STD: [0.229, 0.224, 0.225]
  PROB: 0.5
  RE_PROB: 0.5
  SIZE_TEST: [256, 128]
  SIZE_TRAIN: [256, 128]
MODEL:
  DEVICE: cuda
  DEVICE_ID: 0
  IF_LABELSMOOTH: on
  IF_WITH_CENTER: no
  LAST_STRIDE: 1
  METRIC_LOSS_TYPE: triplet
  NAME: resnet50
  NECK: bnneck
  PRETRAIN_CHOICE: imagenet
  PRETRAIN_PATH: ./core/storage/datasets/pretrained/resnet50-19c8e357.pth
  RETURN_VISUALS: False
  USE_ATTENTION_FUSION: False
  USE_MULTISCALE_BRANCH: True
  USE_WAVELET: False
OUTPUT_DIR: ./core/storage/outputs/multiscale/train/market1501
SOLVER:
  BASE_LR: 0.0003
  BIAS_LR_FACTOR: 2
  CENTER_LOSS_WEIGHT: 0.0005
  CENTER_LR: 0.5
  CHECKPOINT_PERIOD: 10
  CLUSTER_MARGIN: 0.3
  EVAL_PERIOD: 10
  GAMMA: 0.1
  IMS_PER_BATCH: 96
  LOG_PERIOD: 100
  MARGIN: 0.3
  MAX_EPOCHS: 60
  MOMENTUM: 0.9
  OPTIMIZER_NAME: Adam
  RANGE_ALPHA: 0
  RANGE_BETA: 1
  RANGE_K: 2
  RANGE_LOSS_WEIGHT: 1
  RANGE_MARGIN: 0.3
  STEPS: (30, 50)
  WARMUP_FACTOR: 0.3333333333333333
  WARMUP_ITERS: 500
  WARMUP_METHOD: linear
  WEIGHT_DECAY: 0.0005
  WEIGHT_DECAY_BIAS: 0.0
TEST:
  FEAT_NORM: yes
  IMS_PER_BATCH: 64
  NECK_FEAT: after
  RE_RANKING: no
  WEIGHT: 
2026-04-23 23:08:22,028 multiscale.train INFO: Start training
2026-04-23 23:11:58,295 multiscale.train INFO: Epoch[1] Iteration[100/121] Loss: 7.630, Acc: 0.063, Base Lr: 1.00e-04
2026-04-23 23:12:40,913 multiscale.train INFO: Epoch 1 done. Time per batch: 258.064[s] Speed: 45.0[samples/s]
2026-04-23 23:12:40,913 multiscale.train INFO: ----------
2026-04-23 23:16:08,660 multiscale.train INFO: Epoch[2] Iteration[100/121] Loss: 5.575, Acc: 0.191, Base Lr: 1.01e-04
2026-04-23 23:16:51,305 multiscale.train INFO: Epoch 2 done. Time per batch: 249.715[s] Speed: 46.5[samples/s]
2026-04-23 23:16:51,305 multiscale.train INFO: ----------
2026-04-23 23:20:18,754 multiscale.train INFO: Epoch[3] Iteration[100/121] Loss: 4.394, Acc: 0.366, Base Lr: 1.01e-04
2026-04-23 23:21:01,314 multiscale.train INFO: Epoch 3 done. Time per batch: 249.310[s] Speed: 46.6[samples/s]
2026-04-23 23:21:01,314 multiscale.train INFO: ----------
2026-04-23 23:24:28,852 multiscale.train INFO: Epoch[4] Iteration[100/121] Loss: 3.377, Acc: 0.569, Base Lr: 1.02e-04
2026-04-23 23:25:11,502 multiscale.train INFO: Epoch 4 done. Time per batch: 249.502[s] Speed: 46.6[samples/s]
2026-04-23 23:25:11,502 multiscale.train INFO: ----------
2026-04-23 23:28:39,155 multiscale.train INFO: Epoch[5] Iteration[100/122] Loss: 2.796, Acc: 0.690, Base Lr: 1.02e-04
2026-04-23 23:29:23,753 multiscale.train INFO: Epoch 5 done. Time per batch: 251.571[s] Speed: 46.6[samples/s]
2026-04-23 23:29:23,753 multiscale.train INFO: ----------
2026-04-23 23:32:50,403 multiscale.train INFO: Epoch[6] Iteration[100/121] Loss: 2.359, Acc: 0.777, Base Lr: 1.02e-04
2026-04-23 23:33:32,778 multiscale.train INFO: Epoch 6 done. Time per batch: 248.344[s] Speed: 46.8[samples/s]
2026-04-23 23:33:32,778 multiscale.train INFO: ----------
2026-04-23 23:36:59,464 multiscale.train INFO: Epoch[7] Iteration[100/121] Loss: 2.022, Acc: 0.864, Base Lr: 1.03e-04
2026-04-23 23:37:41,767 multiscale.train INFO: Epoch 7 done. Time per batch: 248.316[s] Speed: 46.8[samples/s]
2026-04-23 23:37:41,768 multiscale.train INFO: ----------
2026-04-23 23:41:08,524 multiscale.train INFO: Epoch[8] Iteration[100/122] Loss: 1.835, Acc: 0.891, Base Lr: 1.03e-04
2026-04-23 23:41:53,005 multiscale.train INFO: Epoch 8 done. Time per batch: 250.538[s] Speed: 46.7[samples/s]
2026-04-23 23:41:53,005 multiscale.train INFO: ----------
2026-04-23 23:45:19,662 multiscale.train INFO: Epoch[9] Iteration[100/121] Loss: 1.702, Acc: 0.922, Base Lr: 1.04e-04
2026-04-23 23:46:02,055 multiscale.train INFO: Epoch 9 done. Time per batch: 248.352[s] Speed: 46.8[samples/s]
2026-04-23 23:46:02,055 multiscale.train INFO: ----------
2026-04-23 23:49:28,661 multiscale.train INFO: Epoch[10] Iteration[100/121] Loss: 1.596, Acc: 0.937, Base Lr: 1.04e-04
2026-04-23 23:50:12,022 multiscale.train INFO: Epoch 10 done. Time per batch: 248.321[s] Speed: 46.8[samples/s]
2026-04-23 23:50:12,022 multiscale.train INFO: ----------
2026-04-23 23:51:41,692 multiscale.train INFO: Validation Results - Epoch: 10
2026-04-23 23:51:41,692 multiscale.train INFO: mAP: 68.9%
2026-04-23 23:51:41,692 multiscale.train INFO: CMC curve, Rank-1  :85.9%
2026-04-23 23:51:41,692 multiscale.train INFO: CMC curve, Rank-5  :95.2%
2026-04-23 23:51:41,692 multiscale.train INFO: CMC curve, Rank-10 :96.7%
2026-04-23 23:53:52,984 multiscale.train INFO: Epoch[11] Iteration[100/121] Loss: 1.495, Acc: 0.957, Base Lr: 1.04e-04
2026-04-23 23:54:23,095 multiscale.train INFO: Epoch 11 done. Time per batch: 160.694[s] Speed: 72.3[samples/s]
2026-04-23 23:54:23,096 multiscale.train INFO: ----------
2026-04-23 23:56:49,827 multiscale.train INFO: Epoch[12] Iteration[100/121] Loss: 1.450, Acc: 0.965, Base Lr: 1.05e-04
2026-04-23 23:57:17,013 multiscale.train INFO: Epoch 12 done. Time per batch: 173.030[s] Speed: 67.1[samples/s]
2026-04-23 23:57:17,013 multiscale.train INFO: ----------
2026-04-23 23:59:34,367 multiscale.train INFO: Epoch[13] Iteration[100/122] Loss: 1.422, Acc: 0.970, Base Lr: 1.05e-04
2026-04-24 00:00:02,920 multiscale.train INFO: Epoch 13 done. Time per batch: 165.013[s] Speed: 71.0[samples/s]
2026-04-24 00:00:02,920 multiscale.train INFO: ----------
2026-04-24 00:02:20,031 multiscale.train INFO: Epoch[14] Iteration[100/122] Loss: 1.388, Acc: 0.974, Base Lr: 1.06e-04
2026-04-24 00:02:48,597 multiscale.train INFO: Epoch 14 done. Time per batch: 164.920[s] Speed: 71.0[samples/s]
2026-04-24 00:02:48,597 multiscale.train INFO: ----------
2026-04-24 00:05:03,579 multiscale.train INFO: Epoch[15] Iteration[100/122] Loss: 1.380, Acc: 0.975, Base Lr: 1.06e-04
2026-04-24 00:05:32,207 multiscale.train INFO: Epoch 15 done. Time per batch: 162.908[s] Speed: 71.9[samples/s]
2026-04-24 00:05:32,207 multiscale.train INFO: ----------
2026-04-24 00:07:47,331 multiscale.train INFO: Epoch[16] Iteration[100/121] Loss: 1.338, Acc: 0.983, Base Lr: 1.06e-04
2026-04-24 00:08:14,661 multiscale.train INFO: Epoch 16 done. Time per batch: 161.794[s] Speed: 71.8[samples/s]
2026-04-24 00:08:14,661 multiscale.train INFO: ----------
2026-04-24 00:10:29,617 multiscale.train INFO: Epoch[17] Iteration[100/121] Loss: 1.309, Acc: 0.985, Base Lr: 1.07e-04
2026-04-24 00:10:56,934 multiscale.train INFO: Epoch 17 done. Time per batch: 161.617[s] Speed: 71.9[samples/s]
2026-04-24 00:10:56,934 multiscale.train INFO: ----------
2026-04-24 00:13:11,685 multiscale.train INFO: Epoch[18] Iteration[100/122] Loss: 1.323, Acc: 0.979, Base Lr: 1.07e-04
2026-04-24 00:13:40,181 multiscale.train INFO: Epoch 18 done. Time per batch: 162.565[s] Speed: 72.0[samples/s]
2026-04-24 00:13:40,182 multiscale.train INFO: ----------
2026-04-24 00:15:54,965 multiscale.train INFO: Epoch[19] Iteration[100/122] Loss: 1.307, Acc: 0.985, Base Lr: 1.08e-04
2026-04-24 00:16:23,526 multiscale.train INFO: Epoch 19 done. Time per batch: 162.677[s] Speed: 72.0[samples/s]
2026-04-24 00:16:23,526 multiscale.train INFO: ----------
2026-04-24 00:18:38,493 multiscale.train INFO: Epoch[20] Iteration[100/121] Loss: 1.295, Acc: 0.980, Base Lr: 1.08e-04
2026-04-24 00:19:06,749 multiscale.train INFO: Epoch 20 done. Time per batch: 161.541[s] Speed: 71.9[samples/s]
2026-04-24 00:19:06,749 multiscale.train INFO: ----------
2026-04-24 00:21:27,919 multiscale.train INFO: Validation Results - Epoch: 20
2026-04-24 00:21:27,919 multiscale.train INFO: mAP: 71.9%
2026-04-24 00:21:27,919 multiscale.train INFO: CMC curve, Rank-1  :87.8%
2026-04-24 00:21:27,919 multiscale.train INFO: CMC curve, Rank-5  :95.7%
2026-04-24 00:21:27,919 multiscale.train INFO: CMC curve, Rank-10 :97.2%
2026-04-24 00:23:42,302 multiscale.train INFO: Epoch[21] Iteration[100/121] Loss: 1.275, Acc: 0.989, Base Lr: 1.08e-04
2026-04-24 00:24:09,595 multiscale.train INFO: Epoch 21 done. Time per batch: 161.011[s] Speed: 72.1[samples/s]
2026-04-24 00:24:09,595 multiscale.train INFO: ----------
2026-04-24 00:26:24,058 multiscale.train INFO: Epoch[22] Iteration[100/121] Loss: 1.290, Acc: 0.985, Base Lr: 1.09e-04
2026-04-24 00:26:51,180 multiscale.train INFO: Epoch 22 done. Time per batch: 160.904[s] Speed: 72.2[samples/s]
2026-04-24 00:26:51,180 multiscale.train INFO: ----------
2026-04-24 00:29:05,630 multiscale.train INFO: Epoch[23] Iteration[100/122] Loss: 1.263, Acc: 0.987, Base Lr: 1.09e-04
2026-04-24 00:29:34,106 multiscale.train INFO: Epoch 23 done. Time per batch: 162.230[s] Speed: 72.2[samples/s]
2026-04-24 00:29:34,107 multiscale.train INFO: ----------
2026-04-24 00:31:48,718 multiscale.train INFO: Epoch[24] Iteration[100/121] Loss: 1.259, Acc: 0.989, Base Lr: 1.10e-04
2026-04-24 00:32:15,899 multiscale.train INFO: Epoch 24 done. Time per batch: 161.115[s] Speed: 72.1[samples/s]
2026-04-24 00:32:15,899 multiscale.train INFO: ----------
2026-04-24 00:34:30,629 multiscale.train INFO: Epoch[25] Iteration[100/121] Loss: 1.258, Acc: 0.990, Base Lr: 1.10e-04
2026-04-24 00:34:57,763 multiscale.train INFO: Epoch 25 done. Time per batch: 161.164[s] Speed: 72.1[samples/s]
2026-04-24 00:34:57,763 multiscale.train INFO: ----------
2026-04-24 00:37:12,289 multiscale.train INFO: Epoch[26] Iteration[100/121] Loss: 1.242, Acc: 0.989, Base Lr: 1.10e-04
2026-04-24 00:37:39,587 multiscale.train INFO: Epoch 26 done. Time per batch: 161.170[s] Speed: 72.1[samples/s]
2026-04-24 00:37:39,587 multiscale.train INFO: ----------
2026-04-24 00:39:54,147 multiscale.train INFO: Epoch[27] Iteration[100/122] Loss: 1.231, Acc: 0.992, Base Lr: 1.11e-04
2026-04-24 00:40:22,735 multiscale.train INFO: Epoch 27 done. Time per batch: 162.475[s] Speed: 72.1[samples/s]
2026-04-24 00:40:22,735 multiscale.train INFO: ----------
2026-04-24 00:42:37,022 multiscale.train INFO: Epoch[28] Iteration[100/122] Loss: 1.264, Acc: 0.985, Base Lr: 1.11e-04
2026-04-24 00:43:05,582 multiscale.train INFO: Epoch 28 done. Time per batch: 162.169[s] Speed: 72.2[samples/s]
2026-04-24 00:43:05,582 multiscale.train INFO: ----------
2026-04-24 00:45:20,308 multiscale.train INFO: Epoch[29] Iteration[100/121] Loss: 1.229, Acc: 0.991, Base Lr: 1.12e-04
2026-04-24 00:45:47,609 multiscale.train INFO: Epoch 29 done. Time per batch: 161.358[s] Speed: 72.0[samples/s]
2026-04-24 00:45:47,609 multiscale.train INFO: ----------
2026-04-24 00:48:01,952 multiscale.train INFO: Epoch[30] Iteration[100/122] Loss: 1.200, Acc: 0.995, Base Lr: 1.12e-05
2026-04-24 00:48:31,483 multiscale.train INFO: Epoch 30 done. Time per batch: 162.219[s] Speed: 72.2[samples/s]
2026-04-24 00:48:31,483 multiscale.train INFO: ----------
2026-04-24 00:50:52,356 multiscale.train INFO: Validation Results - Epoch: 30
2026-04-24 00:50:52,356 multiscale.train INFO: mAP: 76.8%
2026-04-24 00:50:52,356 multiscale.train INFO: CMC curve, Rank-1  :90.5%
2026-04-24 00:50:52,356 multiscale.train INFO: CMC curve, Rank-5  :97.0%
2026-04-24 00:50:52,356 multiscale.train INFO: CMC curve, Rank-10 :98.4%
2026-04-24 00:53:07,283 multiscale.train INFO: Epoch[31] Iteration[100/121] Loss: 1.178, Acc: 0.995, Base Lr: 1.12e-05
2026-04-24 00:53:34,877 multiscale.train INFO: Epoch 31 done. Time per batch: 161.839[s] Speed: 71.8[samples/s]
2026-04-24 00:53:34,878 multiscale.train INFO: ----------
2026-04-24 00:55:49,394 multiscale.train INFO: Epoch[32] Iteration[100/121] Loss: 1.147, Acc: 0.997, Base Lr: 1.13e-05
2026-04-24 00:56:16,537 multiscale.train INFO: Epoch 32 done. Time per batch: 160.975[s] Speed: 72.2[samples/s]
2026-04-24 00:56:16,537 multiscale.train INFO: ----------
2026-04-24 00:58:31,078 multiscale.train INFO: Epoch[33] Iteration[100/122] Loss: 1.143, Acc: 0.995, Base Lr: 1.13e-05
2026-04-24 00:58:59,806 multiscale.train INFO: Epoch 33 done. Time per batch: 162.588[s] Speed: 72.0[samples/s]
2026-04-24 00:58:59,807 multiscale.train INFO: ----------
2026-04-24 01:01:14,991 multiscale.train INFO: Epoch[34] Iteration[100/122] Loss: 1.146, Acc: 0.998, Base Lr: 1.14e-05
2026-04-24 01:01:43,567 multiscale.train INFO: Epoch 34 done. Time per batch: 163.057[s] Speed: 71.8[samples/s]
2026-04-24 01:01:43,567 multiscale.train INFO: ----------
2026-04-24 01:03:58,229 multiscale.train INFO: Epoch[35] Iteration[100/122] Loss: 1.131, Acc: 0.997, Base Lr: 1.14e-05
2026-04-24 01:04:26,745 multiscale.train INFO: Epoch 35 done. Time per batch: 162.495[s] Speed: 72.1[samples/s]
2026-04-24 01:04:26,745 multiscale.train INFO: ----------
2026-04-24 01:06:41,089 multiscale.train INFO: Epoch[36] Iteration[100/121] Loss: 1.134, Acc: 0.997, Base Lr: 1.14e-05
2026-04-24 01:07:08,178 multiscale.train INFO: Epoch 36 done. Time per batch: 160.760[s] Speed: 72.3[samples/s]
2026-04-24 01:07:08,179 multiscale.train INFO: ----------
2026-04-24 01:09:22,768 multiscale.train INFO: Epoch[37] Iteration[100/121] Loss: 1.127, Acc: 0.998, Base Lr: 1.15e-05
2026-04-24 01:09:49,947 multiscale.train INFO: Epoch 37 done. Time per batch: 161.097[s] Speed: 72.1[samples/s]
2026-04-24 01:09:49,947 multiscale.train INFO: ----------
2026-04-24 01:12:04,119 multiscale.train INFO: Epoch[38] Iteration[100/122] Loss: 1.124, Acc: 0.998, Base Lr: 1.15e-05
2026-04-24 01:12:32,632 multiscale.train INFO: Epoch 38 done. Time per batch: 162.014[s] Speed: 72.3[samples/s]
2026-04-24 01:12:32,633 multiscale.train INFO: ----------
2026-04-24 01:14:47,259 multiscale.train INFO: Epoch[39] Iteration[100/122] Loss: 1.124, Acc: 0.999, Base Lr: 1.16e-05
2026-04-24 01:15:15,789 multiscale.train INFO: Epoch 39 done. Time per batch: 162.471[s] Speed: 72.1[samples/s]
2026-04-24 01:15:15,789 multiscale.train INFO: ----------
2026-04-24 01:17:30,488 multiscale.train INFO: Epoch[40] Iteration[100/122] Loss: 1.120, Acc: 0.999, Base Lr: 1.16e-05
2026-04-24 01:17:59,946 multiscale.train INFO: Epoch 40 done. Time per batch: 162.530[s] Speed: 72.1[samples/s]
2026-04-24 01:17:59,946 multiscale.train INFO: ----------
2026-04-24 01:20:20,724 multiscale.train INFO: Validation Results - Epoch: 40
2026-04-24 01:20:20,725 multiscale.train INFO: mAP: 78.1%
2026-04-24 01:20:20,725 multiscale.train INFO: CMC curve, Rank-1  :91.2%
2026-04-24 01:20:20,725 multiscale.train INFO: CMC curve, Rank-5  :97.4%
2026-04-24 01:20:20,725 multiscale.train INFO: CMC curve, Rank-10 :98.5%
2026-04-24 01:22:35,350 multiscale.train INFO: Epoch[41] Iteration[100/121] Loss: 1.123, Acc: 0.997, Base Lr: 1.16e-05
2026-04-24 01:23:02,473 multiscale.train INFO: Epoch 41 done. Time per batch: 161.052[s] Speed: 72.1[samples/s]
2026-04-24 01:23:02,473 multiscale.train INFO: ----------
2026-04-24 01:25:16,715 multiscale.train INFO: Epoch[42] Iteration[100/122] Loss: 1.116, Acc: 0.998, Base Lr: 1.17e-05
2026-04-24 01:25:45,211 multiscale.train INFO: Epoch 42 done. Time per batch: 162.050[s] Speed: 72.3[samples/s]
2026-04-24 01:25:45,211 multiscale.train INFO: ----------
2026-04-24 01:27:59,679 multiscale.train INFO: Epoch[43] Iteration[100/122] Loss: 1.121, Acc: 0.996, Base Lr: 1.17e-05
2026-04-24 01:28:28,154 multiscale.train INFO: Epoch 43 done. Time per batch: 162.254[s] Speed: 72.2[samples/s]
2026-04-24 01:28:28,154 multiscale.train INFO: ----------
2026-04-24 01:30:43,157 multiscale.train INFO: Epoch[44] Iteration[100/120] Loss: 1.116, Acc: 0.998, Base Lr: 1.18e-05
2026-04-24 01:31:09,273 multiscale.train INFO: Epoch 44 done. Time per batch: 160.415[s] Speed: 71.8[samples/s]
2026-04-24 01:31:09,273 multiscale.train INFO: ----------
2026-04-24 01:33:23,857 multiscale.train INFO: Epoch[45] Iteration[100/121] Loss: 1.113, Acc: 0.999, Base Lr: 1.18e-05
2026-04-24 01:33:51,094 multiscale.train INFO: Epoch 45 done. Time per batch: 161.125[s] Speed: 72.1[samples/s]
2026-04-24 01:33:51,094 multiscale.train INFO: ----------
2026-04-24 01:36:06,669 multiscale.train INFO: Epoch[46] Iteration[100/121] Loss: 1.113, Acc: 0.999, Base Lr: 1.18e-05
2026-04-24 01:36:34,388 multiscale.train INFO: Epoch 46 done. Time per batch: 162.601[s] Speed: 71.4[samples/s]
2026-04-24 01:36:34,388 multiscale.train INFO: ----------
2026-04-24 01:38:49,423 multiscale.train INFO: Epoch[47] Iteration[100/120] Loss: 1.104, Acc: 0.998, Base Lr: 1.19e-05
2026-04-24 01:39:15,643 multiscale.train INFO: Epoch 47 done. Time per batch: 160.577[s] Speed: 71.7[samples/s]
2026-04-24 01:39:15,643 multiscale.train INFO: ----------
2026-04-24 01:41:30,277 multiscale.train INFO: Epoch[48] Iteration[100/121] Loss: 1.110, Acc: 0.996, Base Lr: 1.19e-05
2026-04-24 01:41:57,544 multiscale.train INFO: Epoch 48 done. Time per batch: 161.210[s] Speed: 72.1[samples/s]
2026-04-24 01:41:57,545 multiscale.train INFO: ----------
2026-04-24 01:44:11,778 multiscale.train INFO: Epoch[49] Iteration[100/121] Loss: 1.103, Acc: 0.998, Base Lr: 1.20e-05
2026-04-24 01:44:38,968 multiscale.train INFO: Epoch 49 done. Time per batch: 160.734[s] Speed: 72.3[samples/s]
2026-04-24 01:44:38,968 multiscale.train INFO: ----------
2026-04-24 01:46:53,306 multiscale.train INFO: Epoch[50] Iteration[100/121] Loss: 1.103, Acc: 0.998, Base Lr: 1.20e-06
2026-04-24 01:47:21,443 multiscale.train INFO: Epoch 50 done. Time per batch: 160.839[s] Speed: 72.2[samples/s]
2026-04-24 01:47:21,443 multiscale.train INFO: ----------
2026-04-24 01:49:42,617 multiscale.train INFO: Validation Results - Epoch: 50
2026-04-24 01:49:42,617 multiscale.train INFO: mAP: 78.7%
2026-04-24 01:49:42,617 multiscale.train INFO: CMC curve, Rank-1  :92.0%
2026-04-24 01:49:42,617 multiscale.train INFO: CMC curve, Rank-5  :97.4%
2026-04-24 01:49:42,617 multiscale.train INFO: CMC curve, Rank-10 :98.5%
2026-04-24 01:51:56,978 multiscale.train INFO: Epoch[51] Iteration[100/122] Loss: 1.107, Acc: 0.999, Base Lr: 1.20e-06
2026-04-24 01:52:25,438 multiscale.train INFO: Epoch 51 done. Time per batch: 162.115[s] Speed: 72.2[samples/s]
2026-04-24 01:52:25,438 multiscale.train INFO: ----------
2026-04-24 01:54:39,870 multiscale.train INFO: Epoch[52] Iteration[100/122] Loss: 1.105, Acc: 0.998, Base Lr: 1.21e-06
2026-04-24 01:55:08,255 multiscale.train INFO: Epoch 52 done. Time per batch: 162.118[s] Speed: 72.2[samples/s]
2026-04-24 01:55:08,255 multiscale.train INFO: ----------
2026-04-24 01:57:22,488 multiscale.train INFO: Epoch[53] Iteration[100/121] Loss: 1.102, Acc: 0.998, Base Lr: 1.21e-06
2026-04-24 01:57:49,611 multiscale.train INFO: Epoch 53 done. Time per batch: 160.683[s] Speed: 72.3[samples/s]
2026-04-24 01:57:49,611 multiscale.train INFO: ----------
2026-04-24 02:00:04,312 multiscale.train INFO: Epoch[54] Iteration[100/121] Loss: 1.110, Acc: 0.997, Base Lr: 1.22e-06
2026-04-24 02:00:31,614 multiscale.train INFO: Epoch 54 done. Time per batch: 161.331[s] Speed: 72.0[samples/s]
2026-04-24 02:00:31,614 multiscale.train INFO: ----------
2026-04-24 02:02:45,983 multiscale.train INFO: Epoch[55] Iteration[100/122] Loss: 1.099, Acc: 0.999, Base Lr: 1.22e-06
2026-04-24 02:03:14,546 multiscale.train INFO: Epoch 55 done. Time per batch: 162.255[s] Speed: 72.2[samples/s]
2026-04-24 02:03:14,546 multiscale.train INFO: ----------
2026-04-24 02:05:29,054 multiscale.train INFO: Epoch[56] Iteration[100/121] Loss: 1.101, Acc: 0.998, Base Lr: 1.22e-06
2026-04-24 02:05:56,291 multiscale.train INFO: Epoch 56 done. Time per batch: 161.062[s] Speed: 72.1[samples/s]
2026-04-24 02:05:56,292 multiscale.train INFO: ----------
2026-04-24 02:08:10,545 multiscale.train INFO: Epoch[57] Iteration[100/121] Loss: 1.099, Acc: 0.999, Base Lr: 1.23e-06
2026-04-24 02:08:37,796 multiscale.train INFO: Epoch 57 done. Time per batch: 160.833[s] Speed: 72.2[samples/s]
2026-04-24 02:08:37,796 multiscale.train INFO: ----------
2026-04-24 02:10:52,023 multiscale.train INFO: Epoch[58] Iteration[100/121] Loss: 1.099, Acc: 0.999, Base Lr: 1.23e-06
2026-04-24 02:11:19,256 multiscale.train INFO: Epoch 58 done. Time per batch: 160.796[s] Speed: 72.2[samples/s]
2026-04-24 02:11:19,256 multiscale.train INFO: ----------
2026-04-24 02:13:33,532 multiscale.train INFO: Epoch[59] Iteration[100/122] Loss: 1.102, Acc: 0.999, Base Lr: 1.24e-06
2026-04-24 02:14:02,047 multiscale.train INFO: Epoch 59 done. Time per batch: 162.104[s] Speed: 72.3[samples/s]
2026-04-24 02:14:02,047 multiscale.train INFO: ----------
2026-04-24 02:16:16,243 multiscale.train INFO: Epoch[60] Iteration[100/121] Loss: 1.098, Acc: 0.999, Base Lr: 1.24e-06
2026-04-24 02:16:44,535 multiscale.train INFO: Epoch 60 done. Time per batch: 160.840[s] Speed: 72.2[samples/s]
2026-04-24 02:16:44,535 multiscale.train INFO: ----------
2026-04-24 02:19:04,659 multiscale.train INFO: Validation Results - Epoch: 60
2026-04-24 02:19:04,659 multiscale.train INFO: mAP: 78.7%
2026-04-24 02:19:04,659 multiscale.train INFO: CMC curve, Rank-1  :91.7%
2026-04-24 02:19:04,659 multiscale.train INFO: CMC curve, Rank-5  :97.4%
2026-04-24 02:19:04,659 multiscale.train INFO: CMC curve, Rank-10 :98.6%
