2026-04-24 21:08:34,140 full_msreid INFO: Using 1 GPUS
2026-04-24 21:08:34,140 full_msreid INFO: Namespace(config_file='./core/configs/exp5_full_msreid.yml', opts=['DATASETS.NAMES', "('dukemtmc',)", 'OUTPUT_DIR', './core/storage/outputs/full_msreid/train/dukemtmc'])
2026-04-24 21:08:34,140 full_msreid INFO: Loaded configuration file ./core/configs/exp5_full_msreid.yml
2026-04-24 21:08:34,140 full_msreid INFO: 
MODEL:
  USE_WAVELET: true
  USE_MULTISCALE_BRANCH: true
  USE_ATTENTION_FUSION: true
  RETURN_VISUALS: false

2026-04-24 21:08:34,140 full_msreid INFO: Running with config:
DATALOADER:
  NUM_INSTANCE: 4
  NUM_WORKERS: 4
  SAMPLER: softmax_triplet
DATASETS:
  NAMES: ('dukemtmc',)
  ROOT_DIR: ./core/storage/datasets
INPUT:
  PADDING: 10
  PIXEL_MEAN: [0.485, 0.456, 0.406]
  PIXEL_STD: [0.229, 0.224, 0.225]
  PROB: 0.5
  RE_PROB: 0.5
  SIZE_TEST: [256, 128]
  SIZE_TRAIN: [256, 128]
MODEL:
  DEVICE: cuda
  DEVICE_ID: 0
  IF_LABELSMOOTH: on
  IF_WITH_CENTER: no
  LAST_STRIDE: 1
  METRIC_LOSS_TYPE: triplet
  NAME: resnet50
  NECK: bnneck
  PRETRAIN_CHOICE: imagenet
  PRETRAIN_PATH: ./core/storage/datasets/pretrained/resnet50-19c8e357.pth
  RETURN_VISUALS: False
  USE_ATTENTION_FUSION: True
  USE_MULTISCALE_BRANCH: True
  USE_WAVELET: True
OUTPUT_DIR: ./core/storage/outputs/full_msreid/train/dukemtmc
SOLVER:
  BASE_LR: 0.0003
  BIAS_LR_FACTOR: 2
  CENTER_LOSS_WEIGHT: 0.0005
  CENTER_LR: 0.5
  CHECKPOINT_PERIOD: 10
  CLUSTER_MARGIN: 0.3
  EVAL_PERIOD: 10
  GAMMA: 0.1
  IMS_PER_BATCH: 96
  LOG_PERIOD: 100
  MARGIN: 0.3
  MAX_EPOCHS: 60
  MOMENTUM: 0.9
  OPTIMIZER_NAME: Adam
  RANGE_ALPHA: 0
  RANGE_BETA: 1
  RANGE_K: 2
  RANGE_LOSS_WEIGHT: 1
  RANGE_MARGIN: 0.3
  STEPS: (30, 50)
  WARMUP_FACTOR: 0.3333333333333333
  WARMUP_ITERS: 500
  WARMUP_METHOD: linear
  WEIGHT_DECAY: 0.0005
  WEIGHT_DECAY_BIAS: 0.0
TEST:
  FEAT_NORM: yes
  IMS_PER_BATCH: 64
  NECK_FEAT: after
  RE_RANKING: no
  WEIGHT: 
2026-04-24 21:08:35,096 full_msreid.train INFO: Start training
2026-04-24 21:11:58,388 full_msreid.train INFO: Epoch[1] Iteration[100/148] Loss: 7.888, Acc: 0.027, Base Lr: 1.00e-04
2026-04-24 21:13:28,788 full_msreid.train INFO: Epoch 1 done. Time per batch: 292.587[s] Speed: 48.6[samples/s]
2026-04-24 21:13:28,788 full_msreid.train INFO: ----------
2026-04-24 21:16:42,214 full_msreid.train INFO: Epoch[2] Iteration[100/149] Loss: 6.051, Acc: 0.107, Base Lr: 1.01e-04
2026-04-24 21:18:14,535 full_msreid.train INFO: Epoch 2 done. Time per batch: 284.726[s] Speed: 50.2[samples/s]
2026-04-24 21:18:14,536 full_msreid.train INFO: ----------
2026-04-24 21:21:27,258 full_msreid.train INFO: Epoch[3] Iteration[100/149] Loss: 4.821, Acc: 0.284, Base Lr: 1.01e-04
2026-04-24 21:22:58,921 full_msreid.train INFO: Epoch 3 done. Time per batch: 283.386[s] Speed: 50.5[samples/s]
2026-04-24 21:22:58,921 full_msreid.train INFO: ----------
2026-04-24 21:26:11,039 full_msreid.train INFO: Epoch[4] Iteration[100/149] Loss: 3.825, Acc: 0.500, Base Lr: 1.02e-04
2026-04-24 21:27:42,813 full_msreid.train INFO: Epoch 4 done. Time per batch: 282.870[s] Speed: 50.6[samples/s]
2026-04-24 21:27:42,813 full_msreid.train INFO: ----------
2026-04-24 21:30:55,070 full_msreid.train INFO: Epoch[5] Iteration[100/149] Loss: 3.080, Acc: 0.690, Base Lr: 1.02e-04
2026-04-24 21:32:26,999 full_msreid.train INFO: Epoch 5 done. Time per batch: 283.145[s] Speed: 50.5[samples/s]
2026-04-24 21:32:26,999 full_msreid.train INFO: ----------
2026-04-24 21:35:39,443 full_msreid.train INFO: Epoch[6] Iteration[100/149] Loss: 2.464, Acc: 0.816, Base Lr: 1.02e-04
2026-04-24 21:37:11,220 full_msreid.train INFO: Epoch 6 done. Time per batch: 283.212[s] Speed: 50.5[samples/s]
2026-04-24 21:37:11,220 full_msreid.train INFO: ----------
2026-04-24 21:40:23,833 full_msreid.train INFO: Epoch[7] Iteration[100/148] Loss: 2.115, Acc: 0.875, Base Lr: 1.03e-04
2026-04-24 21:41:53,700 full_msreid.train INFO: Epoch 7 done. Time per batch: 281.445[s] Speed: 50.5[samples/s]
2026-04-24 21:41:53,700 full_msreid.train INFO: ----------
2026-04-24 21:45:06,005 full_msreid.train INFO: Epoch[8] Iteration[100/148] Loss: 1.855, Acc: 0.919, Base Lr: 1.03e-04
2026-04-24 21:46:35,841 full_msreid.train INFO: Epoch 8 done. Time per batch: 281.138[s] Speed: 50.5[samples/s]
2026-04-24 21:46:35,841 full_msreid.train INFO: ----------
2026-04-24 21:49:48,320 full_msreid.train INFO: Epoch[9] Iteration[100/148] Loss: 1.799, Acc: 0.925, Base Lr: 1.04e-04
2026-04-24 21:51:18,340 full_msreid.train INFO: Epoch 9 done. Time per batch: 281.488[s] Speed: 50.5[samples/s]
2026-04-24 21:51:18,340 full_msreid.train INFO: ----------
2026-04-24 21:54:30,882 full_msreid.train INFO: Epoch[10] Iteration[100/149] Loss: 1.650, Acc: 0.948, Base Lr: 1.04e-04
2026-04-24 21:56:04,172 full_msreid.train INFO: Epoch 10 done. Time per batch: 283.222[s] Speed: 50.5[samples/s]
2026-04-24 21:56:04,172 full_msreid.train INFO: ----------
2026-04-24 21:57:36,258 full_msreid.train INFO: Validation Results - Epoch: 10
2026-04-24 21:57:36,259 full_msreid.train INFO: mAP: 50.7%
2026-04-24 21:57:36,259 full_msreid.train INFO: CMC curve, Rank-1  :69.5%
2026-04-24 21:57:36,259 full_msreid.train INFO: CMC curve, Rank-5  :82.9%
2026-04-24 21:57:36,259 full_msreid.train INFO: CMC curve, Rank-10 :87.4%
2026-04-24 21:59:52,597 full_msreid.train INFO: Epoch[11] Iteration[100/149] Loss: 1.566, Acc: 0.961, Base Lr: 1.04e-04
2026-04-24 22:00:57,593 full_msreid.train INFO: Epoch 11 done. Time per batch: 200.330[s] Speed: 71.4[samples/s]
2026-04-24 22:00:57,593 full_msreid.train INFO: ----------
2026-04-24 22:03:15,800 full_msreid.train INFO: Epoch[12] Iteration[100/148] Loss: 1.517, Acc: 0.968, Base Lr: 1.05e-04
2026-04-24 22:04:19,517 full_msreid.train INFO: Epoch 12 done. Time per batch: 200.873[s] Speed: 70.7[samples/s]
2026-04-24 22:04:19,517 full_msreid.train INFO: ----------
2026-04-24 22:06:37,900 full_msreid.train INFO: Epoch[13] Iteration[100/149] Loss: 1.471, Acc: 0.968, Base Lr: 1.05e-04
2026-04-24 22:07:42,760 full_msreid.train INFO: Epoch 13 done. Time per batch: 202.208[s] Speed: 70.7[samples/s]
2026-04-24 22:07:42,760 full_msreid.train INFO: ----------
2026-04-24 22:10:00,541 full_msreid.train INFO: Epoch[14] Iteration[100/148] Loss: 1.442, Acc: 0.972, Base Lr: 1.06e-04
2026-04-24 22:11:04,330 full_msreid.train INFO: Epoch 14 done. Time per batch: 200.514[s] Speed: 70.9[samples/s]
2026-04-24 22:11:04,330 full_msreid.train INFO: ----------
2026-04-24 22:13:22,752 full_msreid.train INFO: Epoch[15] Iteration[100/148] Loss: 1.393, Acc: 0.977, Base Lr: 1.06e-04
2026-04-24 22:14:26,222 full_msreid.train INFO: Epoch 15 done. Time per batch: 200.864[s] Speed: 70.7[samples/s]
2026-04-24 22:14:26,222 full_msreid.train INFO: ----------
2026-04-24 22:16:44,470 full_msreid.train INFO: Epoch[16] Iteration[100/148] Loss: 1.372, Acc: 0.981, Base Lr: 1.06e-04
2026-04-24 22:17:48,236 full_msreid.train INFO: Epoch 16 done. Time per batch: 200.959[s] Speed: 70.7[samples/s]
2026-04-24 22:17:48,236 full_msreid.train INFO: ----------
2026-04-24 22:20:06,212 full_msreid.train INFO: Epoch[17] Iteration[100/149] Loss: 1.352, Acc: 0.981, Base Lr: 1.07e-04
2026-04-24 22:21:11,148 full_msreid.train INFO: Epoch 17 done. Time per batch: 201.857[s] Speed: 70.9[samples/s]
2026-04-24 22:21:11,148 full_msreid.train INFO: ----------
2026-04-24 22:23:29,110 full_msreid.train INFO: Epoch[18] Iteration[100/149] Loss: 1.347, Acc: 0.981, Base Lr: 1.07e-04
2026-04-24 22:24:33,947 full_msreid.train INFO: Epoch 18 done. Time per batch: 201.770[s] Speed: 70.9[samples/s]
2026-04-24 22:24:33,947 full_msreid.train INFO: ----------
2026-04-24 22:26:54,147 full_msreid.train INFO: Epoch[19] Iteration[100/148] Loss: 1.318, Acc: 0.985, Base Lr: 1.08e-04
2026-04-24 22:28:01,776 full_msreid.train INFO: Epoch 19 done. Time per batch: 206.730[s] Speed: 68.7[samples/s]
2026-04-24 22:28:01,777 full_msreid.train INFO: ----------
2026-04-24 22:30:27,910 full_msreid.train INFO: Epoch[20] Iteration[100/149] Loss: 1.334, Acc: 0.981, Base Lr: 1.08e-04
2026-04-24 22:31:38,372 full_msreid.train INFO: Epoch 20 done. Time per batch: 213.917[s] Speed: 66.9[samples/s]
2026-04-24 22:31:38,373 full_msreid.train INFO: ----------
2026-04-24 22:33:16,851 full_msreid.train INFO: Validation Results - Epoch: 20
2026-04-24 22:33:16,852 full_msreid.train INFO: mAP: 55.0%
2026-04-24 22:33:16,852 full_msreid.train INFO: CMC curve, Rank-1  :73.7%
2026-04-24 22:33:16,852 full_msreid.train INFO: CMC curve, Rank-5  :85.6%
2026-04-24 22:33:16,852 full_msreid.train INFO: CMC curve, Rank-10 :89.6%
2026-04-24 22:35:43,174 full_msreid.train INFO: Epoch[21] Iteration[100/148] Loss: 1.300, Acc: 0.988, Base Lr: 1.08e-04
2026-04-24 22:36:50,882 full_msreid.train INFO: Epoch 21 done. Time per batch: 213.006[s] Speed: 66.7[samples/s]
2026-04-24 22:36:50,882 full_msreid.train INFO: ----------
2026-04-24 22:39:17,544 full_msreid.train INFO: Epoch[22] Iteration[100/148] Loss: 1.291, Acc: 0.988, Base Lr: 1.09e-04
2026-04-24 22:40:25,329 full_msreid.train INFO: Epoch 22 done. Time per batch: 213.421[s] Speed: 66.6[samples/s]
2026-04-24 22:40:25,330 full_msreid.train INFO: ----------
2026-04-24 22:42:51,980 full_msreid.train INFO: Epoch[23] Iteration[100/149] Loss: 1.270, Acc: 0.988, Base Lr: 1.09e-04
2026-04-24 22:44:01,171 full_msreid.train INFO: Epoch 23 done. Time per batch: 214.781[s] Speed: 66.6[samples/s]
2026-04-24 22:44:01,171 full_msreid.train INFO: ----------
2026-04-24 22:46:27,791 full_msreid.train INFO: Epoch[24] Iteration[100/149] Loss: 1.278, Acc: 0.988, Base Lr: 1.10e-04
2026-04-24 22:47:37,137 full_msreid.train INFO: Epoch 24 done. Time per batch: 214.889[s] Speed: 66.6[samples/s]
2026-04-24 22:47:37,137 full_msreid.train INFO: ----------
2026-04-24 22:50:04,106 full_msreid.train INFO: Epoch[25] Iteration[100/149] Loss: 1.258, Acc: 0.990, Base Lr: 1.10e-04
2026-04-24 22:51:13,313 full_msreid.train INFO: Epoch 25 done. Time per batch: 215.154[s] Speed: 66.5[samples/s]
2026-04-24 22:51:13,313 full_msreid.train INFO: ----------
2026-04-24 22:53:39,967 full_msreid.train INFO: Epoch[26] Iteration[100/150] Loss: 1.281, Acc: 0.983, Base Lr: 1.10e-04
2026-04-24 22:54:50,522 full_msreid.train INFO: Epoch 26 done. Time per batch: 216.154[s] Speed: 66.6[samples/s]
2026-04-24 22:54:50,522 full_msreid.train INFO: ----------
2026-04-24 22:57:16,987 full_msreid.train INFO: Epoch[27] Iteration[100/149] Loss: 1.251, Acc: 0.990, Base Lr: 1.11e-04
2026-04-24 22:58:26,358 full_msreid.train INFO: Epoch 27 done. Time per batch: 214.802[s] Speed: 66.6[samples/s]
2026-04-24 22:58:26,358 full_msreid.train INFO: ----------
2026-04-24 23:00:52,947 full_msreid.train INFO: Epoch[28] Iteration[100/149] Loss: 1.246, Acc: 0.993, Base Lr: 1.11e-04
2026-04-24 23:02:01,937 full_msreid.train INFO: Epoch 28 done. Time per batch: 214.551[s] Speed: 66.7[samples/s]
2026-04-24 23:02:01,937 full_msreid.train INFO: ----------
2026-04-24 23:04:28,758 full_msreid.train INFO: Epoch[29] Iteration[100/149] Loss: 1.235, Acc: 0.992, Base Lr: 1.12e-04
2026-04-24 23:05:37,757 full_msreid.train INFO: Epoch 29 done. Time per batch: 214.777[s] Speed: 66.6[samples/s]
2026-04-24 23:05:37,757 full_msreid.train INFO: ----------
2026-04-24 23:08:04,140 full_msreid.train INFO: Epoch[30] Iteration[100/149] Loss: 1.210, Acc: 0.993, Base Lr: 1.12e-05
2026-04-24 23:09:14,629 full_msreid.train INFO: Epoch 30 done. Time per batch: 214.285[s] Speed: 66.8[samples/s]
2026-04-24 23:09:14,629 full_msreid.train INFO: ----------
2026-04-24 23:10:50,971 full_msreid.train INFO: Validation Results - Epoch: 30
2026-04-24 23:10:50,972 full_msreid.train INFO: mAP: 62.1%
2026-04-24 23:10:50,972 full_msreid.train INFO: CMC curve, Rank-1  :78.2%
2026-04-24 23:10:50,972 full_msreid.train INFO: CMC curve, Rank-5  :88.7%
2026-04-24 23:10:50,972 full_msreid.train INFO: CMC curve, Rank-10 :92.4%
2026-04-24 23:13:35,216 full_msreid.train INFO: Epoch[31] Iteration[100/149] Loss: 1.149, Acc: 0.997, Base Lr: 1.12e-05
2026-04-24 23:14:52,531 full_msreid.train INFO: Epoch 31 done. Time per batch: 240.552[s] Speed: 59.5[samples/s]
2026-04-24 23:14:52,531 full_msreid.train INFO: ----------
2026-04-24 23:17:35,775 full_msreid.train INFO: Epoch[32] Iteration[100/148] Loss: 1.143, Acc: 0.996, Base Lr: 1.13e-05
2026-04-24 23:18:51,362 full_msreid.train INFO: Epoch 32 done. Time per batch: 237.844[s] Speed: 59.7[samples/s]
2026-04-24 23:18:51,362 full_msreid.train INFO: ----------
2026-04-24 23:21:35,292 full_msreid.train INFO: Epoch[33] Iteration[100/149] Loss: 1.141, Acc: 0.996, Base Lr: 1.13e-05
2026-04-24 23:22:53,090 full_msreid.train INFO: Epoch 33 done. Time per batch: 240.642[s] Speed: 59.4[samples/s]
2026-04-24 23:22:53,091 full_msreid.train INFO: ----------
2026-04-24 23:25:36,488 full_msreid.train INFO: Epoch[34] Iteration[100/150] Loss: 1.135, Acc: 0.998, Base Lr: 1.14e-05
2026-04-24 23:26:55,427 full_msreid.train INFO: Epoch 34 done. Time per batch: 241.304[s] Speed: 59.7[samples/s]
2026-04-24 23:26:55,427 full_msreid.train INFO: ----------
2026-04-24 23:29:39,128 full_msreid.train INFO: Epoch[35] Iteration[100/149] Loss: 1.129, Acc: 0.997, Base Lr: 1.14e-05
2026-04-24 23:30:56,506 full_msreid.train INFO: Epoch 35 done. Time per batch: 239.992[s] Speed: 59.6[samples/s]
2026-04-24 23:30:56,507 full_msreid.train INFO: ----------
2026-04-24 23:33:39,921 full_msreid.train INFO: Epoch[36] Iteration[100/148] Loss: 1.125, Acc: 0.997, Base Lr: 1.14e-05
2026-04-24 23:34:55,471 full_msreid.train INFO: Epoch 36 done. Time per batch: 237.963[s] Speed: 59.7[samples/s]
2026-04-24 23:34:55,471 full_msreid.train INFO: ----------
2026-04-24 23:37:39,593 full_msreid.train INFO: Epoch[37] Iteration[100/149] Loss: 1.118, Acc: 0.998, Base Lr: 1.15e-05
2026-04-24 23:38:57,017 full_msreid.train INFO: Epoch 37 done. Time per batch: 240.507[s] Speed: 59.5[samples/s]
2026-04-24 23:38:57,017 full_msreid.train INFO: ----------
2026-04-24 23:41:40,783 full_msreid.train INFO: Epoch[38] Iteration[100/148] Loss: 1.114, Acc: 0.998, Base Lr: 1.15e-05
2026-04-24 23:42:56,659 full_msreid.train INFO: Epoch 38 done. Time per batch: 238.618[s] Speed: 59.5[samples/s]
2026-04-24 23:42:56,659 full_msreid.train INFO: ----------
2026-04-24 23:45:40,151 full_msreid.train INFO: Epoch[39] Iteration[100/148] Loss: 1.110, Acc: 0.998, Base Lr: 1.16e-05
2026-04-24 23:46:56,148 full_msreid.train INFO: Epoch 39 done. Time per batch: 238.416[s] Speed: 59.6[samples/s]
2026-04-24 23:46:56,148 full_msreid.train INFO: ----------
2026-04-24 23:49:39,546 full_msreid.train INFO: Epoch[40] Iteration[100/148] Loss: 1.111, Acc: 0.999, Base Lr: 1.16e-05
2026-04-24 23:50:57,006 full_msreid.train INFO: Epoch 40 done. Time per batch: 238.170[s] Speed: 59.7[samples/s]
2026-04-24 23:50:57,006 full_msreid.train INFO: ----------
2026-04-24 23:52:31,631 full_msreid.train INFO: Validation Results - Epoch: 40
2026-04-24 23:52:31,631 full_msreid.train INFO: mAP: 63.9%
2026-04-24 23:52:31,631 full_msreid.train INFO: CMC curve, Rank-1  :79.7%
2026-04-24 23:52:31,632 full_msreid.train INFO: CMC curve, Rank-5  :89.9%
2026-04-24 23:52:31,632 full_msreid.train INFO: CMC curve, Rank-10 :92.8%
2026-04-24 23:55:32,257 full_msreid.train INFO: Epoch[41] Iteration[100/148] Loss: 1.107, Acc: 0.998, Base Lr: 1.16e-05
2026-04-24 23:56:47,258 full_msreid.train INFO: Epoch 41 done. Time per batch: 254.609[s] Speed: 55.8[samples/s]
2026-04-24 23:56:47,258 full_msreid.train INFO: ----------
2026-04-25 00:00:03,024 full_msreid.train INFO: Epoch[42] Iteration[100/149] Loss: 1.105, Acc: 0.998, Base Lr: 1.17e-05
2026-04-25 00:01:34,974 full_msreid.train INFO: Epoch 42 done. Time per batch: 286.880[s] Speed: 49.9[samples/s]
2026-04-25 00:01:34,975 full_msreid.train INFO: ----------
2026-04-25 00:04:47,702 full_msreid.train INFO: Epoch[43] Iteration[100/148] Loss: 1.106, Acc: 0.999, Base Lr: 1.17e-05
2026-04-25 00:06:17,475 full_msreid.train INFO: Epoch 43 done. Time per batch: 281.669[s] Speed: 50.4[samples/s]
2026-04-25 00:06:17,475 full_msreid.train INFO: ----------
2026-04-25 00:09:30,551 full_msreid.train INFO: Epoch[44] Iteration[100/149] Loss: 1.099, Acc: 0.998, Base Lr: 1.18e-05
2026-04-25 00:11:02,356 full_msreid.train INFO: Epoch 44 done. Time per batch: 284.029[s] Speed: 50.4[samples/s]
2026-04-25 00:11:02,356 full_msreid.train INFO: ----------
2026-04-25 00:14:14,931 full_msreid.train INFO: Epoch[45] Iteration[100/149] Loss: 1.099, Acc: 0.999, Base Lr: 1.18e-05
2026-04-25 00:15:46,156 full_msreid.train INFO: Epoch 45 done. Time per batch: 282.917[s] Speed: 50.6[samples/s]
2026-04-25 00:15:46,156 full_msreid.train INFO: ----------
2026-04-25 00:18:59,205 full_msreid.train INFO: Epoch[46] Iteration[100/149] Loss: 1.096, Acc: 0.998, Base Lr: 1.18e-05
2026-04-25 00:20:30,544 full_msreid.train INFO: Epoch 46 done. Time per batch: 283.523[s] Speed: 50.5[samples/s]
2026-04-25 00:20:30,544 full_msreid.train INFO: ----------
2026-04-25 00:23:42,795 full_msreid.train INFO: Epoch[47] Iteration[100/149] Loss: 1.097, Acc: 0.998, Base Lr: 1.19e-05
2026-04-25 00:25:14,095 full_msreid.train INFO: Epoch 47 done. Time per batch: 282.683[s] Speed: 50.6[samples/s]
2026-04-25 00:25:14,095 full_msreid.train INFO: ----------
2026-04-25 00:28:26,204 full_msreid.train INFO: Epoch[48] Iteration[100/149] Loss: 1.101, Acc: 0.997, Base Lr: 1.19e-05
2026-04-25 00:29:57,526 full_msreid.train INFO: Epoch 48 done. Time per batch: 282.554[s] Speed: 50.6[samples/s]
2026-04-25 00:29:57,526 full_msreid.train INFO: ----------
2026-04-25 00:33:10,301 full_msreid.train INFO: Epoch[49] Iteration[100/149] Loss: 1.101, Acc: 0.999, Base Lr: 1.20e-05
2026-04-25 00:34:42,212 full_msreid.train INFO: Epoch 49 done. Time per batch: 283.813[s] Speed: 50.4[samples/s]
2026-04-25 00:34:42,212 full_msreid.train INFO: ----------
2026-04-25 00:37:54,597 full_msreid.train INFO: Epoch[50] Iteration[100/149] Loss: 1.096, Acc: 0.998, Base Lr: 1.20e-06
2026-04-25 00:39:27,039 full_msreid.train INFO: Epoch 50 done. Time per batch: 282.923[s] Speed: 50.6[samples/s]
2026-04-25 00:39:27,039 full_msreid.train INFO: ----------
2026-04-25 00:40:56,937 full_msreid.train INFO: Validation Results - Epoch: 50
2026-04-25 00:40:56,937 full_msreid.train INFO: mAP: 65.1%
2026-04-25 00:40:56,937 full_msreid.train INFO: CMC curve, Rank-1  :80.7%
2026-04-25 00:40:56,937 full_msreid.train INFO: CMC curve, Rank-5  :90.2%
2026-04-25 00:40:56,937 full_msreid.train INFO: CMC curve, Rank-10 :92.7%
2026-04-25 00:44:10,417 full_msreid.train INFO: Epoch[51] Iteration[100/149] Loss: 1.093, Acc: 0.999, Base Lr: 1.20e-06
2026-04-25 00:45:42,136 full_msreid.train INFO: Epoch 51 done. Time per batch: 284.381[s] Speed: 50.3[samples/s]
2026-04-25 00:45:42,136 full_msreid.train INFO: ----------
2026-04-25 00:48:54,429 full_msreid.train INFO: Epoch[52] Iteration[100/148] Loss: 1.087, Acc: 0.999, Base Lr: 1.21e-06
2026-04-25 00:50:24,102 full_msreid.train INFO: Epoch 52 done. Time per batch: 281.145[s] Speed: 50.5[samples/s]
2026-04-25 00:50:24,102 full_msreid.train INFO: ----------
2026-04-25 00:53:36,382 full_msreid.train INFO: Epoch[53] Iteration[100/149] Loss: 1.084, Acc: 0.999, Base Lr: 1.21e-06
2026-04-25 00:55:07,620 full_msreid.train INFO: Epoch 53 done. Time per batch: 282.668[s] Speed: 50.6[samples/s]
2026-04-25 00:55:07,621 full_msreid.train INFO: ----------
2026-04-25 00:58:20,287 full_msreid.train INFO: Epoch[54] Iteration[100/150] Loss: 1.097, Acc: 0.997, Base Lr: 1.22e-06
2026-04-25 00:59:53,868 full_msreid.train INFO: Epoch 54 done. Time per batch: 285.383[s] Speed: 50.5[samples/s]
2026-04-25 00:59:53,868 full_msreid.train INFO: ----------
2026-04-25 01:03:06,128 full_msreid.train INFO: Epoch[55] Iteration[100/149] Loss: 1.089, Acc: 0.999, Base Lr: 1.22e-06
2026-04-25 01:04:37,952 full_msreid.train INFO: Epoch 55 done. Time per batch: 283.220[s] Speed: 50.5[samples/s]
2026-04-25 01:04:37,952 full_msreid.train INFO: ----------
2026-04-25 01:07:50,329 full_msreid.train INFO: Epoch[56] Iteration[100/148] Loss: 1.089, Acc: 0.999, Base Lr: 1.22e-06
2026-04-25 01:09:20,006 full_msreid.train INFO: Epoch 56 done. Time per batch: 281.197[s] Speed: 50.5[samples/s]
2026-04-25 01:09:20,006 full_msreid.train INFO: ----------
2026-04-25 01:12:37,502 full_msreid.train INFO: Epoch[57] Iteration[100/149] Loss: 1.092, Acc: 0.999, Base Lr: 1.23e-06
2026-04-25 01:14:09,782 full_msreid.train INFO: Epoch 57 done. Time per batch: 288.901[s] Speed: 49.5[samples/s]
2026-04-25 01:14:09,782 full_msreid.train INFO: ----------
2026-04-25 01:17:25,066 full_msreid.train INFO: Epoch[58] Iteration[100/149] Loss: 1.088, Acc: 0.999, Base Lr: 1.23e-06
2026-04-25 01:18:57,292 full_msreid.train INFO: Epoch 58 done. Time per batch: 286.630[s] Speed: 49.9[samples/s]
2026-04-25 01:18:57,292 full_msreid.train INFO: ----------
2026-04-25 01:21:48,033 full_msreid.train INFO: Epoch[59] Iteration[100/148] Loss: 1.089, Acc: 0.998, Base Lr: 1.24e-06
2026-04-25 01:23:05,597 full_msreid.train INFO: Epoch 59 done. Time per batch: 247.462[s] Speed: 57.4[samples/s]
2026-04-25 01:23:05,597 full_msreid.train INFO: ----------
2026-04-25 01:25:42,329 full_msreid.train INFO: Epoch[60] Iteration[100/149] Loss: 1.095, Acc: 0.998, Base Lr: 1.24e-06
2026-04-25 01:26:56,989 full_msreid.train INFO: Epoch 60 done. Time per batch: 229.547[s] Speed: 62.3[samples/s]
2026-04-25 01:26:56,989 full_msreid.train INFO: ----------
2026-04-25 01:28:14,035 full_msreid.train INFO: Validation Results - Epoch: 60
2026-04-25 01:28:14,036 full_msreid.train INFO: mAP: 65.6%
2026-04-25 01:28:14,036 full_msreid.train INFO: CMC curve, Rank-1  :81.4%
2026-04-25 01:28:14,036 full_msreid.train INFO: CMC curve, Rank-5  :90.2%
2026-04-25 01:28:14,036 full_msreid.train INFO: CMC curve, Rank-10 :93.0%
